  Determining projects to restore...
  Restored D:\PROJECTS\4_2026\20260415\ecosystem\src\Services\Identity\ZAP.Ecosystem.Application.Identity\ZAP.Ecosystem.Application.Identity.csproj (in 206 ms).
  Restored D:\PROJECTS\4_2026\20260415\ecosystem\src\Services\Ecosystem\ZAP.Ecosystem.Shared\ZAP.Ecosystem.Shared.csproj (in 436 ms).
  Restored D:\PROJECTS\4_2026\20260415\ecosystem\src\Services\Identity\ZAP.Ecosystem.API.Identity\ZAP.Ecosystem.API.Identity.csproj (in 432 ms).
  Restored D:\PROJECTS\4_2026\20260415\ecosystem\src\Gateway\ZAP.Gateway\ZAP.Gateway.csproj (in 433 ms).
  Restored D:\PROJECTS\4_2026\20260415\ecosystem\src\Services\Ecosystem\App\ZAP.Ecosystem.Application.App\ZAP.Ecosystem.Application.App.csproj (in 441 ms).
  Restored D:\PROJECTS\4_2026\20260415\ecosystem\src\Services\Ecosystem\CRM\ZAP.Ecosystem.Domain.CRM\ZAP.Ecosystem.Domain.CRM.csproj (in 439 ms).
  Restored D:\PROJECTS\4_2026\20260415\ecosystem\src\Services\Ecosystem\CRM\ZAP.Ecosystem.Application.CRM\ZAP.Ecosystem.Application.CRM.csproj (in 447 ms).
  Restored D:\PROJECTS\4_2026\20260415\ecosystem\src\Services\Ecosystem\App\ZAP.Ecosystem.API.App\ZAP.Ecosystem.API.App.csproj (in 450 ms).
  Restored D:\PROJECTS\4_2026\20260415\ecosystem\src\Services\Identity\ZAP.Identity.UnitTests\ZAP.Identity.UnitTests.csproj (in 450 ms).
  Restored D:\PROJECTS\4_2026\20260415\ecosystem\src\Services\Identity\ZAP.Identity.API\ZAP.Identity.API.csproj (in 198 ms).
  Restored D:\PROJECTS\4_2026\20260415\ecosystem\src\Services\Ecosystem\CRM\ZAP.Ecosystem.CRM.UnitTests\ZAP.Ecosystem.CRM.UnitTests.csproj (in 460 ms).
  Restored D:\PROJECTS\4_2026\20260415\ecosystem\src\Services\Ecosystem\ZAP.Ecosystem.Domain\ZAP.Ecosystem.Domain.csproj (in 3 ms).
  Restored D:\PROJECTS\4_2026\20260415\ecosystem\src\Services\Ecosystem\App\ZAP.Ecosystem.App.UnitTests\ZAP.Ecosystem.App.UnitTests.csproj (in 451 ms).
  Restored D:\PROJECTS\4_2026\20260415\ecosystem\src\Services\Identity\ZAP.Identity.Domain\ZAP.Identity.Domain.csproj (in 3 ms).
  Restored D:\PROJECTS\4_2026\20260415\ecosystem\src\Services\Identity\ZAP.Identity.Application\ZAP.Identity.Application.csproj (in 12 ms).
  Restored D:\PROJECTS\4_2026\20260415\ecosystem\src\Services\Ecosystem\CRM\ZAP.Ecosystem.API.CRM\ZAP.Ecosystem.API.CRM.csproj (in 28 ms).
  Restored D:\PROJECTS\4_2026\20260415\ecosystem\src\Services\Ecosystem\ZAP.Ecosystem.Infrastructure\ZAP.Ecosystem.Infrastructure.csproj (in 67 ms).
  Restored D:\PROJECTS\4_2026\20260415\ecosystem\src\Services\Identity\ZAP.Identity.Infrastructure\ZAP.Identity.Infrastructure.csproj (in 539 ms).
  ZAP.Ecosystem.Application.Identity -> D:\PROJECTS\4_2026\20260415\ecosystem\src\Services\Identity\ZAP.Ecosystem.Application.Identity\bin\Debug\net10.0\ZAP.Ecosystem.Application.Identity.dll
  ZAP.Gateway -> D:\PROJECTS\4_2026\20260415\ecosystem\src\Gateway\ZAP.Gateway\bin\Debug\net10.0\ZAP.Gateway.dll
  ZAP.Ecosystem.Domain -> D:\PROJECTS\4_2026\20260415\ecosystem\src\Services\Ecosystem\ZAP.Ecosystem.Domain\bin\Debug\net10.0\ZAP.Ecosystem.Domain.dll
  ZAP.Identity.Domain -> D:\PROJECTS\4_2026\20260415\ecosystem\src\Services\Identity\ZAP.Identity.Domain\bin\Debug\net10.0\ZAP.Identity.Domain.dll
  ZAP.Ecosystem.Shared -> D:\PROJECTS\4_2026\20260415\ecosystem\src\Services\Ecosystem\ZAP.Ecosystem.Shared\bin\Debug\net10.0\ZAP.Ecosystem.Shared.dll
  ZAP.Ecosystem.API.Identity -> D:\PROJECTS\4_2026\20260415\ecosystem\src\Services\Identity\ZAP.Ecosystem.API.Identity\bin\Debug\net10.0\ZAP.Ecosystem.API.Identity.dll
  ZAP.Ecosystem.Domain.CRM -> D:\PROJECTS\4_2026\20260415\ecosystem\src\Services\Ecosystem\CRM\ZAP.Ecosystem.Domain.CRM\bin\Debug\net10.0\ZAP.Ecosystem.Domain.CRM.dll
  ZAP.Identity.Application -> D:\PROJECTS\4_2026\20260415\ecosystem\src\Services\Identity\ZAP.Identity.Application\bin\Debug\net10.0\ZAP.Identity.Application.dll
D:\PROJECTS\4_2026\20260415\ecosystem\src\Services\Ecosystem\ZAP.Ecosystem.Infrastructure\Repositories\CRM\CollectionRepository.cs(22,35): warning CS8602: Dereference of a possibly null reference. [D:\PROJECTS\4_2026\20260415\ecosystem\src\Services\Ecosystem\ZAP.Ecosystem.Infrastructure\ZAP.Ecosystem.Infrastructure.csproj]
D:\PROJECTS\4_2026\20260415\ecosystem\src\Services\Ecosystem\ZAP.Ecosystem.Infrastructure\Repositories\CRM\LocationRepository.cs(54,35): warning CS8602: Dereference of a possibly null reference. [D:\PROJECTS\4_2026\20260415\ecosystem\src\Services\Ecosystem\ZAP.Ecosystem.Infrastructure\ZAP.Ecosystem.Infrastructure.csproj]
D:\PROJECTS\4_2026\20260415\ecosystem\src\Services\Ecosystem\ZAP.Ecosystem.Infrastructure\Repositories\CRM\LocationRepository.cs(56,35): warning CS8602: Dereference of a possibly null reference. [D:\PROJECTS\4_2026\20260415\ecosystem\src\Services\Ecosystem\ZAP.Ecosystem.Infrastructure\ZAP.Ecosystem.Infrastructure.csproj]
D:\PROJECTS\4_2026\20260415\ecosystem\src\Services\Ecosystem\ZAP.Ecosystem.Infrastructure\Repositories\CRM\CustomerRepository.cs(28,35): warning CS8602: Dereference of a possibly null reference. [D:\PROJECTS\4_2026\20260415\ecosystem\src\Services\Ecosystem\ZAP.Ecosystem.Infrastructure\ZAP.Ecosystem.Infrastructure.csproj]
D:\PROJECTS\4_2026\20260415\ecosystem\src\Services\Ecosystem\ZAP.Ecosystem.Infrastructure\Repositories\CRM\CustomerRepository.cs(38,42): warning CS8602: Dereference of a possibly null reference. [D:\PROJECTS\4_2026\20260415\ecosystem\src\Services\Ecosystem\ZAP.Ecosystem.Infrastructure\ZAP.Ecosystem.Infrastructure.csproj]
D:\PROJECTS\4_2026\20260415\ecosystem\src\Services\Ecosystem\ZAP.Ecosystem.Infrastructure\Repositories\CRM\CustomerRepository.cs(38,74): warning CS8602: Dereference of a possibly null reference. [D:\PROJECTS\4_2026\20260415\ecosystem\src\Services\Ecosystem\ZAP.Ecosystem.Infrastructure\ZAP.Ecosystem.Infrastructure.csproj]
D:\PROJECTS\4_2026\20260415\ecosystem\src\Services\Ecosystem\ZAP.Ecosystem.Infrastructure\Repositories\CRM\CustomerRepository.cs(38,102): warning CS8602: Dereference of a possibly null reference. [D:\PROJECTS\4_2026\20260415\ecosystem\src\Services\Ecosystem\ZAP.Ecosystem.Infrastructure\ZAP.Ecosystem.Infrastructure.csproj]
D:\PROJECTS\4_2026\20260415\ecosystem\src\Services\Ecosystem\ZAP.Ecosystem.Infrastructure\Repositories\CRM\CategoryRepository.cs(40,35): warning CS8602: Dereference of a possibly null reference. [D:\PROJECTS\4_2026\20260415\ecosystem\src\Services\Ecosystem\ZAP.Ecosystem.Infrastructure\ZAP.Ecosystem.Infrastructure.csproj]
D:\PROJECTS\4_2026\20260415\ecosystem\src\Services\Ecosystem\ZAP.Ecosystem.Infrastructure\Repositories\CRM\MenuRepository.cs(34,35): warning CS8602: Dereference of a possibly null reference. [D:\PROJECTS\4_2026\20260415\ecosystem\src\Services\Ecosystem\ZAP.Ecosystem.Infrastructure\ZAP.Ecosystem.Infrastructure.csproj]
D:\PROJECTS\4_2026\20260415\ecosystem\src\Services\Ecosystem\ZAP.Ecosystem.Infrastructure\Repositories\CRM\ProductRepository.cs(74,35): warning CS8602: Dereference of a possibly null reference. [D:\PROJECTS\4_2026\20260415\ecosystem\src\Services\Ecosystem\ZAP.Ecosystem.Infrastructure\ZAP.Ecosystem.Infrastructure.csproj]
D:\PROJECTS\4_2026\20260415\ecosystem\src\Services\Ecosystem\ZAP.Ecosystem.Infrastructure\Repositories\CRM\ProductRepository.cs(76,35): warning CS8602: Dereference of a possibly null reference. [D:\PROJECTS\4_2026\20260415\ecosystem\src\Services\Ecosystem\ZAP.Ecosystem.Infrastructure\ZAP.Ecosystem.Infrastructure.csproj]
D:\PROJECTS\4_2026\20260415\ecosystem\src\Services\Ecosystem\ZAP.Ecosystem.Infrastructure\Repositories\CRM\ModifierGroupRepository.cs(40,35): warning CS8602: Dereference of a possibly null reference. [D:\PROJECTS\4_2026\20260415\ecosystem\src\Services\Ecosystem\ZAP.Ecosystem.Infrastructure\ZAP.Ecosystem.Infrastructure.csproj]
  ZAP.Identity.UnitTests -> D:\PROJECTS\4_2026\20260415\ecosystem\src\Services\Identity\ZAP.Identity.UnitTests\bin\Debug\net10.0\ZAP.Identity.UnitTests.dll
  ZAP.Ecosystem.Infrastructure -> D:\PROJECTS\4_2026\20260415\ecosystem\src\Services\Ecosystem\ZAP.Ecosystem.Infrastructure\bin\Debug\net10.0\ZAP.Ecosystem.Infrastructure.dll
  ZAP.Identity.Infrastructure -> D:\PROJECTS\4_2026\20260415\ecosystem\src\Services\Identity\ZAP.Identity.Infrastructure\bin\Debug\net10.0\ZAP.Identity.Infrastructure.dll
  ZAP.Ecosystem.Application.CRM -> D:\PROJECTS\4_2026\20260415\ecosystem\src\Services\Ecosystem\CRM\ZAP.Ecosystem.Application.CRM\bin\Debug\net10.0\ZAP.Ecosystem.Application.CRM.dll
D:\PROJECTS\4_2026\20260415\ecosystem\src\Services\Identity\ZAP.Identity.API\Program.cs(214,14): error CS0101: The namespace '<global namespace>' already contains a definition for 'MockOtpRepository' [D:\PROJECTS\4_2026\20260415\ecosystem\src\Services\Identity\ZAP.Identity.API\ZAP.Identity.API.csproj]
D:\PROJECTS\4_2026\20260415\ecosystem\src\Services\Identity\ZAP.Identity.API\Program.cs(219,14): error CS0101: The namespace '<global namespace>' already contains a definition for 'MockNotificationService' [D:\PROJECTS\4_2026\20260415\ecosystem\src\Services\Identity\ZAP.Identity.API\ZAP.Identity.API.csproj]
D:\PROJECTS\4_2026\20260415\ecosystem\src\Services\Identity\ZAP.Identity.API\Program.cs(216,23): error CS0111: Type 'MockOtpRepository' already defines a member called 'CreateAsync' with the same parameter types [D:\PROJECTS\4_2026\20260415\ecosystem\src\Services\Identity\ZAP.Identity.API\ZAP.Identity.API.csproj]
D:\PROJECTS\4_2026\20260415\ecosystem\src\Services\Identity\ZAP.Identity.API\Program.cs(221,23): error CS0111: Type 'MockNotificationService' already defines a member called 'SendOtpEmailAsync' with the same parameter types [D:\PROJECTS\4_2026\20260415\ecosystem\src\Services\Identity\ZAP.Identity.API\ZAP.Identity.API.csproj]
D:\PROJECTS\4_2026\20260415\ecosystem\src\Services\Identity\ZAP.Identity.API\Program.cs(222,23): error CS0111: Type 'MockNotificationService' already defines a member called 'SendSmsOtpAsync' with the same parameter types [D:\PROJECTS\4_2026\20260415\ecosystem\src\Services\Identity\ZAP.Identity.API\ZAP.Identity.API.csproj]
  ZAP.Ecosystem.CRM.UnitTests -> D:\PROJECTS\4_2026\20260415\ecosystem\src\Services\Ecosystem\CRM\ZAP.Ecosystem.CRM.UnitTests\bin\Debug\net10.0\ZAP.Ecosystem.CRM.UnitTests.dll
  ZAP.Ecosystem.Application.App -> D:\PROJECTS\4_2026\20260415\ecosystem\src\Services\Ecosystem\App\ZAP.Ecosystem.Application.App\bin\Debug\net10.0\ZAP.Ecosystem.Application.App.dll
  ZAP.Ecosystem.API.CRM -> D:\PROJECTS\4_2026\20260415\ecosystem\src\Services\Ecosystem\CRM\ZAP.Ecosystem.API.CRM\bin\Debug\net10.0\ZAP.Ecosystem.API.CRM.dll
  ZAP.Ecosystem.App.UnitTests -> D:\PROJECTS\4_2026\20260415\ecosystem\src\Services\Ecosystem\App\ZAP.Ecosystem.App.UnitTests\bin\Debug\net10.0\ZAP.Ecosystem.App.UnitTests.dll
  ZAP.Ecosystem.API.App -> D:\PROJECTS\4_2026\20260415\ecosystem\src\Services\Ecosystem\App\ZAP.Ecosystem.API.App\bin\Debug\net10.0\ZAP.Ecosystem.API.App.dll

Build FAILED.

D:\PROJECTS\4_2026\20260415\ecosystem\src\Services\Ecosystem\ZAP.Ecosystem.Infrastructure\Repositories\CRM\CollectionRepository.cs(22,35): warning CS8602: Dereference of a possibly null reference. [D:\PROJECTS\4_2026\20260415\ecosystem\src\Services\Ecosystem\ZAP.Ecosystem.Infrastructure\ZAP.Ecosystem.Infrastructure.csproj]
D:\PROJECTS\4_2026\20260415\ecosystem\src\Services\Ecosystem\ZAP.Ecosystem.Infrastructure\Repositories\CRM\LocationRepository.cs(54,35): warning CS8602: Dereference of a possibly null reference. [D:\PROJECTS\4_2026\20260415\ecosystem\src\Services\Ecosystem\ZAP.Ecosystem.Infrastructure\ZAP.Ecosystem.Infrastructure.csproj]
D:\PROJECTS\4_2026\20260415\ecosystem\src\Services\Ecosystem\ZAP.Ecosystem.Infrastructure\Repositories\CRM\LocationRepository.cs(56,35): warning CS8602: Dereference of a possibly null reference. [D:\PROJECTS\4_2026\20260415\ecosystem\src\Services\Ecosystem\ZAP.Ecosystem.Infrastructure\ZAP.Ecosystem.Infrastructure.csproj]
D:\PROJECTS\4_2026\20260415\ecosystem\src\Services\Ecosystem\ZAP.Ecosystem.Infrastructure\Repositories\CRM\CustomerRepository.cs(28,35): warning CS8602: Dereference of a possibly null reference. [D:\PROJECTS\4_2026\20260415\ecosystem\src\Services\Ecosystem\ZAP.Ecosystem.Infrastructure\ZAP.Ecosystem.Infrastructure.csproj]
D:\PROJECTS\4_2026\20260415\ecosystem\src\Services\Ecosystem\ZAP.Ecosystem.Infrastructure\Repositories\CRM\CustomerRepository.cs(38,42): warning CS8602: Dereference of a possibly null reference. [D:\PROJECTS\4_2026\20260415\ecosystem\src\Services\Ecosystem\ZAP.Ecosystem.Infrastructure\ZAP.Ecosystem.Infrastructure.csproj]
D:\PROJECTS\4_2026\20260415\ecosystem\src\Services\Ecosystem\ZAP.Ecosystem.Infrastructure\Repositories\CRM\CustomerRepository.cs(38,74): warning CS8602: Dereference of a possibly null reference. [D:\PROJECTS\4_2026\20260415\ecosystem\src\Services\Ecosystem\ZAP.Ecosystem.Infrastructure\ZAP.Ecosystem.Infrastructure.csproj]
D:\PROJECTS\4_2026\20260415\ecosystem\src\Services\Ecosystem\ZAP.Ecosystem.Infrastructure\Repositories\CRM\CustomerRepository.cs(38,102): warning CS8602: Dereference of a possibly null reference. [D:\PROJECTS\4_2026\20260415\ecosystem\src\Services\Ecosystem\ZAP.Ecosystem.Infrastructure\ZAP.Ecosystem.Infrastructure.csproj]
D:\PROJECTS\4_2026\20260415\ecosystem\src\Services\Ecosystem\ZAP.Ecosystem.Infrastructure\Repositories\CRM\CategoryRepository.cs(40,35): warning CS8602: Dereference of a possibly null reference. [D:\PROJECTS\4_2026\20260415\ecosystem\src\Services\Ecosystem\ZAP.Ecosystem.Infrastructure\ZAP.Ecosystem.Infrastructure.csproj]
D:\PROJECTS\4_2026\20260415\ecosystem\src\Services\Ecosystem\ZAP.Ecosystem.Infrastructure\Repositories\CRM\MenuRepository.cs(34,35): warning CS8602: Dereference of a possibly null reference. [D:\PROJECTS\4_2026\20260415\ecosystem\src\Services\Ecosystem\ZAP.Ecosystem.Infrastructure\ZAP.Ecosystem.Infrastructure.csproj]
D:\PROJECTS\4_2026\20260415\ecosystem\src\Services\Ecosystem\ZAP.Ecosystem.Infrastructure\Repositories\CRM\ProductRepository.cs(74,35): warning CS8602: Dereference of a possibly null reference. [D:\PROJECTS\4_2026\20260415\ecosystem\src\Services\Ecosystem\ZAP.Ecosystem.Infrastructure\ZAP.Ecosystem.Infrastructure.csproj]
D:\PROJECTS\4_2026\20260415\ecosystem\src\Services\Ecosystem\ZAP.Ecosystem.Infrastructure\Repositories\CRM\ProductRepository.cs(76,35): warning CS8602: Dereference of a possibly null reference. [D:\PROJECTS\4_2026\20260415\ecosystem\src\Services\Ecosystem\ZAP.Ecosystem.Infrastructure\ZAP.Ecosystem.Infrastructure.csproj]
D:\PROJECTS\4_2026\20260415\ecosystem\src\Services\Ecosystem\ZAP.Ecosystem.Infrastructure\Repositories\CRM\ModifierGroupRepository.cs(40,35): warning CS8602: Dereference of a possibly null reference. [D:\PROJECTS\4_2026\20260415\ecosystem\src\Services\Ecosystem\ZAP.Ecosystem.Infrastructure\ZAP.Ecosystem.Infrastructure.csproj]
D:\PROJECTS\4_2026\20260415\ecosystem\src\Services\Identity\ZAP.Identity.API\Program.cs(214,14): error CS0101: The namespace '<global namespace>' already contains a definition for 'MockOtpRepository' [D:\PROJECTS\4_2026\20260415\ecosystem\src\Services\Identity\ZAP.Identity.API\ZAP.Identity.API.csproj]
D:\PROJECTS\4_2026\20260415\ecosystem\src\Services\Identity\ZAP.Identity.API\Program.cs(219,14): error CS0101: The namespace '<global namespace>' already contains a definition for 'MockNotificationService' [D:\PROJECTS\4_2026\20260415\ecosystem\src\Services\Identity\ZAP.Identity.API\ZAP.Identity.API.csproj]
D:\PROJECTS\4_2026\20260415\ecosystem\src\Services\Identity\ZAP.Identity.API\Program.cs(216,23): error CS0111: Type 'MockOtpRepository' already defines a member called 'CreateAsync' with the same parameter types [D:\PROJECTS\4_2026\20260415\ecosystem\src\Services\Identity\ZAP.Identity.API\ZAP.Identity.API.csproj]
D:\PROJECTS\4_2026\20260415\ecosystem\src\Services\Identity\ZAP.Identity.API\Program.cs(221,23): error CS0111: Type 'MockNotificationService' already defines a member called 'SendOtpEmailAsync' with the same parameter types [D:\PROJECTS\4_2026\20260415\ecosystem\src\Services\Identity\ZAP.Identity.API\ZAP.Identity.API.csproj]
D:\PROJECTS\4_2026\20260415\ecosystem\src\Services\Identity\ZAP.Identity.API\Program.cs(222,23): error CS0111: Type 'MockNotificationService' already defines a member called 'SendSmsOtpAsync' with the same parameter types [D:\PROJECTS\4_2026\20260415\ecosystem\src\Services\Identity\ZAP.Identity.API\ZAP.Identity.API.csproj]
    12 Warning(s)
    5 Error(s)

Time Elapsed 00:00:18.52
