D:\PROJECTS\4_CRM_API\src\Services\Ecosystem\CRM\ZAP.Ecosystem.API.CRM\Features\Management\v1\Controllers\ManagementController.cs(4,46): error CS0234: The type or namespace name 'Prices' does not exist in the namespace 'ZAP.Ecosystem.Application.CRM.Features' (are you missing an assembly reference?) [D:\PROJECTS\4_CRM_API\src\Services\Ecosystem\CRM\ZAP.Ecosystem.API.CRM\ZAP.Ecosystem.API.CRM.csproj]
D:\PROJECTS\4_CRM_API\src\Services\Ecosystem\CRM\ZAP.Ecosystem.API.CRM\Features\Management\v1\Controllers\ManagementController.cs(5,46): error CS0234: The type or namespace name 'Prices' does not exist in the namespace 'ZAP.Ecosystem.Application.CRM.Features' (are you missing an assembly reference?) [D:\PROJECTS\4_CRM_API\src\Services\Ecosystem\CRM\ZAP.Ecosystem.API.CRM\ZAP.Ecosystem.API.CRM.csproj]
D:\PROJECTS\4_CRM_API\src\Services\Ecosystem\CRM\ZAP.Ecosystem.API.CRM\Features\Menu\v1\Controllers\MenusController.cs(5,46): error CS0234: The type or namespace name 'Menus' does not exist in the namespace 'ZAP.Ecosystem.Application.CRM.Features' (are you missing an assembly reference?) [D:\PROJECTS\4_CRM_API\src\Services\Ecosystem\CRM\ZAP.Ecosystem.API.CRM\ZAP.Ecosystem.API.CRM.csproj]
D:\PROJECTS\4_CRM_API\src\Services\Ecosystem\CRM\ZAP.Ecosystem.API.CRM\Features\Menu\v1\Controllers\MenusController.cs(6,46): error CS0234: The type or namespace name 'Menus' does not exist in the namespace 'ZAP.Ecosystem.Application.CRM.Features' (are you missing an assembly reference?) [D:\PROJECTS\4_CRM_API\src\Services\Ecosystem\CRM\ZAP.Ecosystem.API.CRM\ZAP.Ecosystem.API.CRM.csproj]
D:\PROJECTS\4_CRM_API\src\Services\Ecosystem\CRM\ZAP.Ecosystem.API.CRM\Features\Menu\v1\Controllers\MenusController.cs(7,46): error CS0234: The type or namespace name 'Menus' does not exist in the namespace 'ZAP.Ecosystem.Application.CRM.Features' (are you missing an assembly reference?) [D:\PROJECTS\4_CRM_API\src\Services\Ecosystem\CRM\ZAP.Ecosystem.API.CRM\ZAP.Ecosystem.API.CRM.csproj]
D:\PROJECTS\4_CRM_API\src\Services\Ecosystem\CRM\ZAP.Ecosystem.API.CRM\Features\Management\v1\Controllers\ManagementController.cs(23,64): error CS0246: The type or namespace name 'GetPriceListQuery' could not be found (are you missing a using directive or an assembly reference?) [D:\PROJECTS\4_CRM_API\src\Services\Ecosystem\CRM\ZAP.Ecosystem.API.CRM\ZAP.Ecosystem.API.CRM.csproj]
D:\PROJECTS\4_CRM_API\src\Services\Ecosystem\CRM\ZAP.Ecosystem.API.CRM\Features\Menu\v1\Controllers\MenusController.cs(19,54): error CS0246: The type or namespace name 'MenuListRequestDto' could not be found (are you missing a using directive or an assembly reference?) [D:\PROJECTS\4_CRM_API\src\Services\Ecosystem\CRM\ZAP.Ecosystem.API.CRM\ZAP.Ecosystem.API.CRM.csproj]
D:\PROJECTS\4_CRM_API\src\Services\Ecosystem\CRM\ZAP.Ecosystem.API.CRM\Features\Menu\v1\Controllers\MenusController.cs(26,56): error CS0246: The type or namespace name 'CreateMenuCommand' could not be found (are you missing a using directive or an assembly reference?) [D:\PROJECTS\4_CRM_API\src\Services\Ecosystem\CRM\ZAP.Ecosystem.API.CRM\ZAP.Ecosystem.API.CRM.csproj]
D:\PROJECTS\4_CRM_API\src\Services\Ecosystem\CRM\ZAP.Ecosystem.API.CRM\Features\Menu\v1\Controllers\MenusController.cs(33,65): error CS0246: The type or namespace name 'UpdateMenuCommand' could not be found (are you missing a using directive or an assembly reference?) [D:\PROJECTS\4_CRM_API\src\Services\Ecosystem\CRM\ZAP.Ecosystem.API.CRM\ZAP.Ecosystem.API.CRM.csproj]
D:\PROJECTS\4_CRM_API\src\Services\Ecosystem\CRM\ZAP.Ecosystem.API.CRM\Features\Payments\v1\Controllers\PaymentTermsController.cs(18,54): error CS0246: The type or namespace name 'PaymentTermsListRequestDto' could not be found (are you missing a using directive or an assembly reference?) [D:\PROJECTS\4_CRM_API\src\Services\Ecosystem\CRM\ZAP.Ecosystem.API.CRM\ZAP.Ecosystem.API.CRM.csproj]
D:\PROJECTS\4_CRM_API\src\Services\Ecosystem\CRM\ZAP.Ecosystem.API.CRM\Features\Payments\v1\Controllers\PaymentTypesController.cs(18,54): error CS0246: The type or namespace name 'PaymentTypeListRequestDto' could not be found (are you missing a using directive or an assembly reference?) [D:\PROJECTS\4_CRM_API\src\Services\Ecosystem\CRM\ZAP.Ecosystem.API.CRM\ZAP.Ecosystem.API.CRM.csproj]
D:\PROJECTS\4_CRM_API\src\Services\Ecosystem\CRM\ZAP.Ecosystem.API.CRM\Features\Management\v1\Controllers\ManagementController.cs(4,46): error CS0234: The type or namespace name 'Prices' does not exist in the namespace 'ZAP.Ecosystem.Application.CRM.Features' (are you missing an assembly reference?) [D:\PROJECTS\4_CRM_API\src\Services\Ecosystem\CRM\ZAP.Ecosystem.API.CRM\ZAP.Ecosystem.API.CRM.csproj]
D:\PROJECTS\4_CRM_API\src\Services\Ecosystem\CRM\ZAP.Ecosystem.API.CRM\Features\Management\v1\Controllers\ManagementController.cs(5,46): error CS0234: The type or namespace name 'Prices' does not exist in the namespace 'ZAP.Ecosystem.Application.CRM.Features' (are you missing an assembly reference?) [D:\PROJECTS\4_CRM_API\src\Services\Ecosystem\CRM\ZAP.Ecosystem.API.CRM\ZAP.Ecosystem.API.CRM.csproj]
D:\PROJECTS\4_CRM_API\src\Services\Ecosystem\CRM\ZAP.Ecosystem.API.CRM\Features\Menu\v1\Controllers\MenusController.cs(5,46): error CS0234: The type or namespace name 'Menus' does not exist in the namespace 'ZAP.Ecosystem.Application.CRM.Features' (are you missing an assembly reference?) [D:\PROJECTS\4_CRM_API\src\Services\Ecosystem\CRM\ZAP.Ecosystem.API.CRM\ZAP.Ecosystem.API.CRM.csproj]
D:\PROJECTS\4_CRM_API\src\Services\Ecosystem\CRM\ZAP.Ecosystem.API.CRM\Features\Menu\v1\Controllers\MenusController.cs(6,46): error CS0234: The type or namespace name 'Menus' does not exist in the namespace 'ZAP.Ecosystem.Application.CRM.Features' (are you missing an assembly reference?) [D:\PROJECTS\4_CRM_API\src\Services\Ecosystem\CRM\ZAP.Ecosystem.API.CRM\ZAP.Ecosystem.API.CRM.csproj]
D:\PROJECTS\4_CRM_API\src\Services\Ecosystem\CRM\ZAP.Ecosystem.API.CRM\Features\Menu\v1\Controllers\MenusController.cs(7,46): error CS0234: The type or namespace name 'Menus' does not exist in the namespace 'ZAP.Ecosystem.Application.CRM.Features' (are you missing an assembly reference?) [D:\PROJECTS\4_CRM_API\src\Services\Ecosystem\CRM\ZAP.Ecosystem.API.CRM\ZAP.Ecosystem.API.CRM.csproj]
D:\PROJECTS\4_CRM_API\src\Services\Ecosystem\CRM\ZAP.Ecosystem.API.CRM\Features\Management\v1\Controllers\ManagementController.cs(23,64): error CS0246: The type or namespace name 'GetPriceListQuery' could not be found (are you missing a using directive or an assembly reference?) [D:\PROJECTS\4_CRM_API\src\Services\Ecosystem\CRM\ZAP.Ecosystem.API.CRM\ZAP.Ecosystem.API.CRM.csproj]
D:\PROJECTS\4_CRM_API\src\Services\Ecosystem\CRM\ZAP.Ecosystem.API.CRM\Features\Menu\v1\Controllers\MenusController.cs(19,54): error CS0246: The type or namespace name 'MenuListRequestDto' could not be found (are you missing a using directive or an assembly reference?) [D:\PROJECTS\4_CRM_API\src\Services\Ecosystem\CRM\ZAP.Ecosystem.API.CRM\ZAP.Ecosystem.API.CRM.csproj]
D:\PROJECTS\4_CRM_API\src\Services\Ecosystem\CRM\ZAP.Ecosystem.API.CRM\Features\Menu\v1\Controllers\MenusController.cs(26,56): error CS0246: The type or namespace name 'CreateMenuCommand' could not be found (are you missing a using directive or an assembly reference?) [D:\PROJECTS\4_CRM_API\src\Services\Ecosystem\CRM\ZAP.Ecosystem.API.CRM\ZAP.Ecosystem.API.CRM.csproj]
D:\PROJECTS\4_CRM_API\src\Services\Ecosystem\CRM\ZAP.Ecosystem.API.CRM\Features\Menu\v1\Controllers\MenusController.cs(33,65): error CS0246: The type or namespace name 'UpdateMenuCommand' could not be found (are you missing a using directive or an assembly reference?) [D:\PROJECTS\4_CRM_API\src\Services\Ecosystem\CRM\ZAP.Ecosystem.API.CRM\ZAP.Ecosystem.API.CRM.csproj]
D:\PROJECTS\4_CRM_API\src\Services\Ecosystem\CRM\ZAP.Ecosystem.API.CRM\Features\Payments\v1\Controllers\PaymentTermsController.cs(18,54): error CS0246: The type or namespace name 'PaymentTermsListRequestDto' could not be found (are you missing a using directive or an assembly reference?) [D:\PROJECTS\4_CRM_API\src\Services\Ecosystem\CRM\ZAP.Ecosystem.API.CRM\ZAP.Ecosystem.API.CRM.csproj]
D:\PROJECTS\4_CRM_API\src\Services\Ecosystem\CRM\ZAP.Ecosystem.API.CRM\Features\Payments\v1\Controllers\PaymentTypesController.cs(18,54): error CS0246: The type or namespace name 'PaymentTypeListRequestDto' could not be found (are you missing a using directive or an assembly reference?) [D:\PROJECTS\4_CRM_API\src\Services\Ecosystem\CRM\ZAP.Ecosystem.API.CRM\ZAP.Ecosystem.API.CRM.csproj]
