  Determining projects to restore...
  All projects are up-to-date for restore.
  ZAP.Identity.Domain -> D:\PROJECTS\4_2026\20260415\ecosystem\src\Services\Identity\ZAP.Identity.Domain\bin\Debug\net10.0\ZAP.Identity.Domain.dll
  ZAP.Ecosystem.Shared -> D:\PROJECTS\4_2026\20260415\ecosystem\src\Services\Ecosystem\ZAP.Ecosystem.Shared\bin\Debug\net10.0\ZAP.Ecosystem.Shared.dll
  ZAP.Identity.Application -> D:\PROJECTS\4_2026\20260415\ecosystem\src\Services\Identity\ZAP.Identity.Application\bin\Debug\net10.0\ZAP.Identity.Application.dll
  ZAP.Identity.UnitTests -> D:\PROJECTS\4_2026\20260415\ecosystem\src\Services\Identity\ZAP.Identity.UnitTests\bin\Debug\net10.0\ZAP.Identity.UnitTests.dll
Test run for D:\PROJECTS\4_2026\20260415\ecosystem\src\Services\Identity\ZAP.Identity.UnitTests\bin\Debug\net10.0\ZAP.Identity.UnitTests.dll (.NETCoreApp,Version=v10.0)
A total of 1 test files matched the specified pattern.

Passed!  - Failed:     0, Passed:    22, Skipped:     0, Total:    22, Duration: 166 ms - ZAP.Identity.UnitTests.dll (net10.0)
